2026-07-28T08:52:27.581Z ERROR Request timeout
2026-07-28T09:12:27.581Z WARN Request is taking too long
2026-07-28T09:14:27.581Z INFO Server started
2026-07-28T09:44:27.581Z INFO Request completed
2026-07-28T09:51:27.581Z INFO Request completed
2026-07-28T10:03:27.581Z WARN Memory usage is high
2026-07-28T10:03:27.581Z WARN Retrying external request
2026-07-28T10:30:27.581Z INFO Cache refreshed
2026-07-28T10:56:27.581Z WARN Request is taking too long
2026-07-28T11:00:27.580Z WARN Memory usage is high
2026-07-28T11:11:27.581Z ERROR User not found
2026-07-28T11:16:27.581Z ERROR Database connection failed
2026-07-28T11:28:27.581Z ERROR User not found
2026-07-28T11:59:27.581Z INFO User logged in
2026-07-28T12:09:27.581Z ERROR Payment processing failed
2026-07-28T12:41:27.581Z INFO User logged in
2026-07-28T12:45:27.581Z ERROR User not found
2026-07-28T12:48:27.581Z INFO Server started
2026-07-28T12:51:27.581Z WARN Memory usage is high
2026-07-28T12:51:27.581Z WARN Retrying external request
2026-07-28T12:55:27.581Z INFO User logged in
2026-07-28T12:56:27.581Z INFO Server started
2026-07-28T12:57:27.581Z INFO Background job completed
2026-07-28T13:05:27.581Z INFO Server started
2026-07-28T14:07:27.581Z WARN Memory usage is high
2026-07-28T14:13:27.581Z WARN Request is taking too long
2026-07-28T14:34:27.581Z ERROR User not found
2026-07-28T14:34:27.581Z INFO Server started
2026-07-28T14:35:27.581Z ERROR Database connection failed
2026-07-28T15:18:27.581Z INFO User logged in
2026-07-28T15:22:27.581Z INFO Server started
2026-07-28T16:19:27.581Z ERROR Request timeout
2026-07-28T16:22:27.581Z ERROR Request timeout
2026-07-28T16:24:27.581Z WARN Request is taking too long
2026-07-28T16:24:27.581Z WARN Retrying external request
2026-07-28T16:28:27.581Z WARN Retrying external request
2026-07-28T16:48:27.581Z ERROR Payment processing failed
2026-07-28T16:49:27.581Z ERROR Invalid authentication token
2026-07-28T16:57:27.581Z INFO Request completed
2026-07-28T17:32:27.581Z ERROR User not found
2026-07-28T17:59:27.581Z WARN Retrying external request
2026-07-28T18:34:27.581Z WARN Memory usage is high
2026-07-28T19:26:27.581Z INFO User logged in
2026-07-28T19:32:27.581Z ERROR Payment processing failed
2026-07-28T19:42:27.581Z ERROR Invalid authentication token
2026-07-28T20:02:27.581Z INFO Cache refreshed
2026-07-28T20:26:27.581Z INFO User logged in
2026-07-28T20:32:27.581Z INFO Cache refreshed
2026-07-28T20:47:27.581Z WARN Request is taking too long
2026-07-28T20:55:27.581Z WARN Memory usage is high
2026-07-28T21:00:27.581Z INFO Background job completed
2026-07-28T21:25:27.581Z INFO Cache refreshed
2026-07-28T22:24:27.581Z INFO User logged in
2026-07-28T22:39:27.581Z INFO Background job completed
2026-07-28T23:52:27.581Z ERROR Database connection failed
2026-07-28T23:52:27.581Z WARN Request is taking too long
2026-07-29T00:27:27.581Z INFO Server started
2026-07-29T00:33:27.581Z ERROR User not found
2026-07-29T00:54:27.581Z ERROR Database connection failed
2026-07-29T01:05:27.581Z WARN Request is taking too long
2026-07-29T01:15:27.581Z WARN Request is taking too long
2026-07-29T01:16:27.581Z INFO Cache refreshed
2026-07-29T01:17:27.581Z ERROR Payment processing failed
2026-07-29T01:21:27.581Z INFO Cache refreshed
2026-07-29T01:21:27.581Z INFO Cache refreshed
2026-07-29T01:48:27.581Z ERROR Payment processing failed
2026-07-29T01:58:27.581Z ERROR Invalid authentication token
2026-07-29T02:04:27.581Z INFO Request completed
2026-07-29T02:27:27.581Z WARN Retrying external request
2026-07-29T02:29:27.581Z WARN Memory usage is high
2026-07-29T02:44:27.581Z ERROR User not found
2026-07-29T02:53:27.581Z INFO Request completed
2026-07-29T03:03:27.581Z ERROR Invalid authentication token
2026-07-29T03:25:27.581Z ERROR Invalid authentication token
2026-07-29T03:26:27.581Z ERROR Invalid authentication token
2026-07-29T03:40:27.581Z ERROR User not found
2026-07-29T04:17:27.581Z WARN Memory usage is high
2026-07-29T04:18:27.581Z INFO Server started
2026-07-29T04:37:27.581Z INFO User logged in
2026-07-29T04:48:27.581Z ERROR Database connection failed
2026-07-29T04:52:27.581Z INFO User logged in
2026-07-29T04:54:27.581Z ERROR Database connection failed
2026-07-29T05:03:27.581Z WARN Memory usage is high
2026-07-29T05:07:27.581Z ERROR User not found
2026-07-29T05:57:27.581Z INFO Background job completed
2026-07-29T06:09:27.581Z INFO Cache refreshed
2026-07-29T06:22:27.581Z ERROR Invalid authentication token
2026-07-29T06:30:27.581Z INFO User logged in
2026-07-29T06:40:27.581Z WARN Retrying external request
2026-07-29T06:43:27.581Z ERROR Invalid authentication token
2026-07-29T07:05:27.581Z INFO Request completed
2026-07-29T07:08:27.581Z WARN Request is taking too long
2026-07-29T07:28:27.581Z INFO Background job completed
2026-07-29T07:38:27.581Z INFO Cache refreshed
2026-07-29T07:40:27.581Z ERROR Database connection failed
2026-07-29T07:52:27.581Z ERROR Database connection failed
2026-07-29T07:53:27.581Z INFO Server started
2026-07-29T07:55:27.581Z ERROR Invalid authentication token
2026-07-29T08:04:27.581Z ERROR Invalid authentication token
2026-07-29T08:14:27.581Z INFO User logged in
