2026-07-28T09:17:27.591Z ERROR Request timeout
2026-07-28T09:39:27.591Z WARN Request is taking too long
2026-07-28T10:08:27.591Z INFO Cache refreshed
2026-07-28T12:41:27.591Z INFO Request completed
2026-07-28T13:46:27.591Z INFO User logged in
2026-07-28T13:49:27.591Z INFO Request completed
2026-07-28T14:22:27.591Z INFO Request completed
2026-07-28T14:41:27.591Z INFO Server started
2026-07-28T14:43:27.591Z INFO Background job completed
2026-07-28T15:33:27.591Z INFO Request completed
2026-07-28T15:53:27.591Z WARN Retrying external request
2026-07-28T16:11:27.591Z INFO Cache refreshed
2026-07-28T16:13:27.591Z INFO Cache refreshed
2026-07-28T16:24:27.591Z ERROR Request timeout
2026-07-28T16:33:27.591Z INFO Background job completed
2026-07-28T16:46:27.591Z INFO Request completed
2026-07-28T17:43:27.591Z ERROR User not found
2026-07-28T18:02:27.591Z WARN Memory usage is high
2026-07-28T18:47:27.591Z WARN Memory usage is high
2026-07-28T20:09:27.591Z INFO Background job completed
2026-07-28T20:21:27.591Z INFO Request completed
2026-07-28T21:02:27.591Z WARN Memory usage is high
2026-07-28T21:08:27.591Z INFO Server started
2026-07-28T21:15:27.591Z ERROR Payment processing failed
2026-07-28T21:31:27.591Z INFO User logged in
2026-07-28T21:51:27.591Z INFO Server started
2026-07-28T22:42:27.591Z INFO Request completed
2026-07-28T23:05:27.591Z INFO User logged in
2026-07-28T23:22:27.591Z INFO Background job completed
2026-07-28T23:36:27.591Z INFO Cache refreshed
2026-07-28T23:49:27.591Z INFO Request completed
2026-07-28T23:52:27.591Z ERROR Payment processing failed
2026-07-29T00:25:27.591Z INFO Cache refreshed
2026-07-29T00:40:27.591Z ERROR Request timeout
2026-07-29T00:45:27.591Z INFO Request completed
2026-07-29T01:03:27.591Z INFO Background job completed
2026-07-29T02:28:27.591Z INFO Cache refreshed
2026-07-29T03:25:27.592Z INFO Request completed
2026-07-29T03:57:27.591Z INFO Cache refreshed
2026-07-29T04:16:27.591Z INFO Request completed
2026-07-29T04:57:27.591Z ERROR Invalid authentication token
2026-07-29T05:06:27.591Z INFO Server started
2026-07-29T05:08:27.591Z INFO Request completed
2026-07-29T05:25:27.591Z WARN Memory usage is high
2026-07-29T05:28:27.591Z INFO Server started
2026-07-29T05:33:27.591Z ERROR Request timeout
2026-07-29T05:58:27.592Z INFO User logged in
2026-07-29T06:16:27.592Z INFO Server started
2026-07-29T06:26:27.591Z WARN Retrying external request
2026-07-29T06:29:27.591Z WARN Request is taking too long
2026-07-29T06:42:27.591Z INFO Cache refreshed
2026-07-29T06:46:27.591Z ERROR User not found
2026-07-29T07:03:27.591Z INFO Background job completed
2026-07-29T07:28:27.592Z INFO User logged in
2026-07-29T07:29:27.592Z WARN Request is taking too long
2026-07-29T07:30:27.591Z INFO Server started
2026-07-29T07:43:27.591Z ERROR Invalid authentication token
2026-07-29T08:30:27.591Z INFO Cache refreshed
2026-07-29T08:43:27.591Z INFO Request completed
2026-07-29T08:51:27.591Z INFO Cache refreshed
