2026-07-28T09:06:27.590Z WARN Request is taking too long
2026-07-28T09:58:27.590Z INFO User logged in
2026-07-28T10:25:27.590Z ERROR Invalid authentication token
2026-07-28T11:39:27.590Z WARN Request is taking too long
2026-07-28T11:50:27.590Z INFO Server started
2026-07-28T12:38:27.590Z INFO Server started
2026-07-28T12:49:27.590Z INFO Background job completed
2026-07-28T13:01:27.590Z INFO Request completed
2026-07-28T13:22:27.590Z INFO Server started
2026-07-28T13:39:27.590Z INFO Background job completed
2026-07-28T13:43:27.590Z INFO Background job completed
2026-07-28T14:01:27.590Z INFO User logged in
2026-07-28T14:08:27.590Z ERROR Database connection failed
2026-07-28T14:09:27.590Z ERROR Request timeout
2026-07-28T14:31:27.590Z INFO Cache refreshed
2026-07-28T14:35:27.590Z INFO Server started
2026-07-28T14:39:27.590Z INFO Background job completed
2026-07-28T15:03:27.590Z INFO User logged in
2026-07-28T15:28:27.590Z ERROR Payment processing failed
2026-07-28T15:39:27.590Z WARN Memory usage is high
2026-07-28T15:54:27.590Z INFO Cache refreshed
2026-07-28T16:25:27.590Z INFO Server started
2026-07-28T16:27:27.590Z ERROR User not found
2026-07-28T16:44:27.590Z INFO Cache refreshed
2026-07-28T16:51:27.590Z INFO Cache refreshed
2026-07-28T16:56:27.590Z INFO Request completed
2026-07-28T17:04:27.590Z INFO Server started
2026-07-28T17:05:27.590Z INFO Server started
2026-07-28T17:18:27.590Z ERROR Payment processing failed
2026-07-28T17:46:27.590Z ERROR Invalid authentication token
2026-07-28T17:58:27.590Z WARN Request is taking too long
2026-07-28T19:07:27.590Z WARN Memory usage is high
2026-07-28T19:23:27.590Z ERROR Database connection failed
2026-07-28T19:29:27.590Z INFO Server started
2026-07-28T19:35:27.590Z INFO Request completed
2026-07-28T19:46:27.590Z ERROR Payment processing failed
2026-07-28T19:57:27.590Z INFO User logged in
2026-07-28T20:58:27.590Z WARN Request is taking too long
2026-07-28T21:11:27.590Z ERROR Invalid authentication token
2026-07-28T21:44:27.590Z INFO Cache refreshed
2026-07-28T21:56:27.590Z INFO Background job completed
2026-07-28T22:06:27.590Z ERROR User not found
2026-07-28T22:18:27.590Z INFO Server started
2026-07-28T22:26:27.590Z ERROR Request timeout
2026-07-28T22:33:27.590Z ERROR Database connection failed
2026-07-28T22:33:27.590Z ERROR Request timeout
2026-07-28T22:59:27.590Z INFO Background job completed
2026-07-28T23:05:27.590Z INFO Cache refreshed
2026-07-28T23:22:27.590Z ERROR Request timeout
2026-07-29T00:06:27.590Z ERROR Payment processing failed
2026-07-29T00:19:27.590Z INFO Background job completed
2026-07-29T00:26:27.590Z ERROR Database connection failed
2026-07-29T00:45:27.590Z ERROR Request timeout
2026-07-29T00:45:27.590Z INFO Background job completed
2026-07-29T00:47:27.590Z ERROR Request timeout
2026-07-29T00:49:27.590Z INFO Server started
2026-07-29T01:10:27.590Z INFO Background job completed
2026-07-29T02:07:27.590Z ERROR User not found
2026-07-29T02:38:27.590Z INFO User logged in
2026-07-29T02:42:27.590Z ERROR Payment processing failed
2026-07-29T03:28:27.590Z INFO User logged in
2026-07-29T03:33:27.590Z WARN Memory usage is high
2026-07-29T03:51:27.590Z WARN Request is taking too long
2026-07-29T04:20:27.590Z ERROR Invalid authentication token
2026-07-29T04:51:27.590Z INFO Background job completed
2026-07-29T05:06:27.590Z INFO Background job completed
2026-07-29T05:17:27.590Z INFO User logged in
2026-07-29T05:25:27.590Z ERROR Invalid authentication token
2026-07-29T05:27:27.590Z INFO Background job completed
2026-07-29T05:28:27.590Z ERROR Request timeout
2026-07-29T05:47:27.590Z INFO User logged in
2026-07-29T06:41:27.590Z ERROR User not found
2026-07-29T06:49:27.590Z INFO Cache refreshed
2026-07-29T06:52:27.590Z WARN Request is taking too long
2026-07-29T07:01:27.590Z ERROR User not found
2026-07-29T07:10:27.590Z WARN Memory usage is high
2026-07-29T07:14:27.590Z INFO Background job completed
2026-07-29T07:23:27.590Z INFO Server started
2026-07-29T07:31:27.590Z ERROR Invalid authentication token
2026-07-29T08:49:27.590Z WARN Retrying external request
